I'm sorry, but errors were detected in your script. Please correct the
errors listed below, and try again.


File "game/script.rpy", line 313: invalid syntax
        jump plot_intro_questions_year_pick
                                           ^
    

Ren'Py Version: Ren'Py 6.99.10.1227
